[  0.0000]nitialiingcgup sbs cuse
  0.0000] itiaizg groususy cpu
[  000000]niialingcgro ssys uat
[  0000000 Luxversion4.0-6-genri(bilddlg1-0)gcversion5.0 2006 (Ubunu 4.06uun1~6.04) #11Ubntu P e Sep 2 :59:54 UC 17(Unt4.4.0-9.1-genri4..8
   0.00000Comand lneBOOTMAE=/bt/linu-4.096-genrirot=LAL=loudimg-ots rocool=tt consol=ttyS0
[  000000]KEELsupporedpus:[  0.000000]   ntelenneInel
[  0.000   AMD AutnticD
[    0.0000] Ceaur CetaHaul
[   0000000] 86pu: xsatofset[2: 76, xstteizs[2]:  6
[   0.00000 x86/fp: Supoin XSAE atree 0x: 87 fatg pot egisrs
[   0.0000] x8/f: uppti XSA fatur 02: 'SSE rgiers'
[  0000000]x8fp: ppting XSE eatu 04: 'VXegistrs
[    0.00000]86fp Ebledxstefeatuesx7 contet ze i 82 bytes, usin 'anda' rmat.[   0.0000]x86/puUsingla' FPUonxt sites.[   0.0000e820:BI-povidedhyicalAMmap
[   0000000] BIO-e80: [mm x0000000000-000000009fbff] usae
[    0.00000 BIOS82 [mmem 0x00000009000x00000009ff] servd    00000 BIOS-e20 [em 0x0000000f000-0000000000fff rerved[   .000] IOe820 [mem0x000000000100000-0x000000003ffeffff] uable[   0.0000 BIOS-820[mem 00000003f000-0000003ffff] PIata   0.0000BIOSe8: [mem 0x00000ffc0000-000000ffff] reserved[  0.000 NX xete Dsaleprottin: active
  0.00000]SMIOS .5reent.
  0.0000 Hervioretcted: KVM
[    0.00000e80: lt_n = 0xff max_rch_pf =x4000000[   0.0000 MR:Disabed[    0.0000] 86/ATMTRs isle, skppingAT initialzaon too.
   000000] CU RRs l ank - iralized sst.
[  00000 x/PAT: onguatn -7]: WB  WT  UC- UC  WB  T C-UC  
[  000000]oud SMPP-tale a [m 0x0009fff0-00009ff]mape a [ff880000fff0]
[   .0000] Snng 1 ea for lw emry crrtin
[  000000]AMSK: me0x6ad00-x3755ff]
[    0.0000 ACP: ary ab cecksu vificti dsable
[   .0000]CPI: DP0x000000000000 0002(v2 OX)
[  00000] CPI:XSDT 0x000003FF30000C 01 VBX  VXXSD000001 ASL 00061)
[    00000] ACP: AC 0x0000000FF00 00F4 04BOX VBFACP 00000 AL  00061)   0.00000]CPI: DT x00000FFF0470 021 (01 VBOX  VOXBIOS 00000002 INL 201005)[   .00000 API FAC0x0000003FF020000040
[   00000] ACPI:FAS 0x00003FFF00 0004
  0.000000] CP APIC0x000000FF40 00005C(v02VBOX   VBOAPIC 0000001AS  000061
[[    .0000] APISSDT 0x0000003FFF02A0 0001CC (v01 VBX  VBOXPU 0000002 INTL 20100528)
[   .0000]No NA onfiraon fond
[  .00000 Fing no at emx0000000000000-0000003ffeffff]
[   0000] ODE_DATA(0) allocte [m 0x3fe000x3fff]
[  000000]kvclck: Using msrs 4b564d01 and 4b564d00
[    0.000000] kvm-clock: cpu 0, msr 0:3ffe3001, primary cpu clock
[    0.000000] kvm-clock: using sched offset of 3183305342 cycles
[    0.000000] clocksource: kvm-clock: mask: 0xfffffffffffffffax_cycles: 0x1cd42e4dffb, max_ide_ns: 881595948 ns
[  000000]one rage
[   .00000  MA     em0x0000000010-0x0000000fffff]
[   00000] DA32   em 000000010000000x000003efff
[   00000]   orl  empty
[    00000   Dice  empty
[   .00000] Mvable onstart for acnode[   0.000 Earl mor noderaes
[   0000]   node  0:[mm x00000000010-000000009efff
   0.000]  node  0[mem 00000000100-0x000000003ffeffff]
  0.00000]Inmem setup node0 [mem 000000000010-0000000fefff]
[   000000] ACPI: PMTimer O rt: 0x40
    00000 IPI0]: apicid, ersion17addrss 0xfec00000, GSI 0-23[   .0000] ACPI IT_SRC_R bus 0 bus_rq0 glalrq 2 d dl)
   0000000] ACPI: IT_C_VR (s bus_ir9 loba_irq 9highev)
[  0000000 Ung ACP (DT forMPonfiraon ifoaton
[   00000]mpot: Alowg  CPU 0hotpugPU
[   0.0000] P: gisterednovemery:[mem 000000-0x000fff
[   0.000] P: gistere nav memry[mm 0x0000-0x0009ff
[    .000] PM: Rgiered nsa mmory: [m x00000-0000effff]
[  000000] M:egisteednove mor [me0x0f00000x00fffff]
[   0.000] 820: [mem0x40000-0ffbff]avaiblfor CIevce
[   00000] Bootin pravituizd kernelonVM
[   00000] cocouce: refnejifis:as: 0xffff max_cls: xfffff, x_dle_n: 4519600211568ns
[    .00000] et_prcpu: R_US:512nrpuask_bits:12r_cpuds nr_ndeds:1   0.00000 PERU:mbeddd  pges/pufff88003c000 s32r8192 d74 u1085
[    0.000] PV qspinlok ash talentries 26 rder: 0, 44096 btes)[   0.000] uilt zelistsn de order, mbilitygrpig on.  Total pages: 257913
[   0.0000] olcyon: DMA3
   00000] ernelomnd le:OOT_IMA=/oo/vmlinuz-4.0-9geric otLABEcldimg-root ro console=tty1 conol=tyS
[   0.0000 P hsh tabe trie 46 (ode 3 32768 bte
[   .0000] Meor 10174/1481K ailae 479K knecode,294K rata, 3984K rodta142K iit136K bs, 63K reserved 0Kcm-resered
   0.00000] LU: HWalign=4, Orer=-3, MnOects0,PUs=2,odes=1
[   0.000] Herarchca RU pleenatin.
[   .00000] uid-ti ajustent f eaf ant to 64.
[  00000 	U resticng CPUs from NR_PU51 to n_c_is=2.
[   000000 R: Adjustin gmery for u_faout_lef=, r_cpu_ds
[    00000 NRIR:3024 nr_irq:40 16
[  0.000] onslecoour VGA+ 80x25
[   00000] nsle [tt1]nale
[  0.0000]onsole[tS0] ebl
[    0.000000] tsc: Detected 2194.918 MHz processor
[   26.324191] Calibrating delay loop (skipped) preset value.. 4389.83 BogoMIPS (lpj=8779672)
[   26.463387] pid_max: default: 32768 minimum: 301
[   26.547056] ACPI: Core revision 20150930
[   26.625790] ACPI: 2 ACPI AML tables successfully acquired and loaded
[   26.752293] Security Framework initialized
[   26.820864] Yama: becoming mindful.
[   26.888407] AppArmor: AppArmor initialized
[   26.973971] Dentry cache hash table entries: 131072 (order: 8, 1048576 bytes)
[   27.088164] Inode-cache hash table entries: 65536 (order: 7, 524288 bytes)
[   27.193272] Mount-cache hash table entries: 2048 (order: 2, 16384 bytes)
[   27.299319] Mountpoint-cache hash table entries: 2048 (order: 2, 16384 bytes)
[   27.401620] Initializing cgroup subsys io
[   27.424087] Initializing cgroup subsys memory
[   27.475890] Initializing cgroup subsys devices
[   27.544086] Initializing cgroup subsys freezer
[   27.617396] Initializing cgroup subsys net_cls
[   27.656211] Initializing cgroup subsys perf_event
[   27.711797] Initializing cgroup subsys net_prio
[   27.764147] Initializing cgroup subsys hugetlb
[   27.834121] Initializing cgroup subsys pids
[   27.903918] CPU: Physical Processor ID: 0
[   27.904802] CPU: Processor Core ID: 0
[   27.906363] mce: CPU supports 0 MCE banks
[   27.952467] Last level iTLB entries: 4KB 1024, 2MB 1024, 4MB 1024
[   28.048187] Last level dTLB entries: 4KB 1024, 2MB 1024, 4MB 1024, 1GB 4
[   28.182501] Freeing SMP alternatives memory: 32K
[   28.270505] ftrace: allocating 32146 entries in 126 pages
[   28.417883] smpboot: APIC(0) Converting physical 0 to logical package 0
[   28.527798] smpboot: Max logical packages: 1
[   28.587742] ..TIMER: vector=0x30 apic1=0 pin1=2 apic2=-1 pin2=-1
[   28.832453] smpboot: CPU0: Intel(R) Core(TM) i7-4770HQ CPU @ 2.20GHz (family: 0x6, model: 0x46, stepping: 0x1)
[   29.035660] Performance Events: unsupported p6 CPU model 70 no PMU driver, software events only.
[   29.174718] KVM setup paravirtual spinlock
[   29.254605] x86: Booting SMP configuration:
[   29.321619] .... node  #0, CPUs:      #1
[   29.382286] kvm-clock: cpu 1, msr 0:3ffe3041, secondary cpu clock
[   29.403337] mce: CPU supports 0 MCE banks
[   29.453606] x86: Booted up 1 node, 2 CPUs
[   29.489895] smpboot: Total of 2 processors activated (8779.67 BogoMIPS)
[   29.581506] devtmpfs: initialized
[   29.614778] evm: security.selinux
[   29.640658] evm: security.SMACK64
[   29.652007] evm: security.SMACK64EXEC
[   29.687259] evm: security.SMACK64TRANSMUTE
[   29.727094] evm: security.SMACK64MMAP
[   29.766996] evm: security.ima
[   29.805215] evm: security.capability
[   29.854414] clocksource: jiffies: mask: 0xffffffff max_cycles: 0xffffffff, max_idle_ns: 7645041785100000 ns
[   29.974162] futex hash table entries: 512 (order: 3, 32768 bytes)
[   30.089273] pinctrl core: initialized pinctrl subsystem
[   30.195087] RTC time:  3:47:08, date: 10/15/17
[   30.272119] NET: Registered protocol family 16
[   30.367942] cpuidle: using governor ladder
[   30.447286] cpuidle: using governor menu
[   30.506717] PCCT header not found.
[   30.555614] ACPI: bus type PCI registered
[   30.638101] acpiphp: ACPI Hot Plug PCI Controller Driver version: 0.5
[   30.713211] PCI: Using configuration type 1 for base access
[   30.765665] ACPI: Added _OSI(Module Device)
[   30.850459] ACPI: Added _OSI(Processor Device)
[   30.905253] ACPI: Added _OSI(3.0 _SCP Extensions)
[   30.987869] ACPI: Added _OSI(Processor Aggregator Device)
[   31.086117] ACPI: Executed 1 blocks of module-level executable AML code
[   31.192314] ACPI: Interpreter enabled
[   31.258666] ACPI: (supports S0 S5)
[   31.316305] ACPI: Using IOAPIC for interrupt routing
[   31.397961] PCI: Using host bridge windows from ACPI; if necessary, use "pci=nocrs" and report a bug
[   31.561051] ACPI: PCI Root Bridge [PCI0] (domain 0000 [bus 00-ff])
[   31.673741] acpi PNP0A03:00: _OSC: OS supports [ASPM ClockPM Segments MSI]
[   31.770649] acpi PNP0A03:00: _OSC failed (AE_NOT_FOUND); disabling ASPM
[   31.822780] acpi PNP0A03:00: fail to add MMCONFIG information, can't access extended PCI configuration space under this bridge.
[   31.875547] PCI host bridge to bus 0000:00
[   31.954084] pci_bus 0000:00: root bus resource [io  0x0000-0x0cf7 window]
[   32.047301] pci_bus 0000:00: root bus resource [io  0x0d00-0xffff window]
[   32.180931] pci_bus 0000:00: root bus resource [mem 0x000a0000-0x000bffff window]
[   32.304312] pci_bus 0000:00: root bus resource [mem 0x40000000-0xffdfffff window]
[   32.398642] pci_bus 0000:00: root bus resource [bus 00-ff]
[   32.478242] pci 0000:00:01.1: legacy IDE quirk: reg 0x10: [io  0x01f0-0x01f7]
[   32.570700] pci 0000:00:01.1: legacy IDE quirk: reg 0x14: [io  0x03f6]
[   32.663446] pci 0000:00:01.1: legacy IDE quirk: reg 0x18: [io  0x0170-0x0177]
[   32.769334] pci 0000:00:01.1: legacy IDE quirk: reg 0x1c: [io  0x0376]
[   32.895105] ACPI: PCI Interrupt Link [LNKA] (IRQs 5 9 10 11) *0, disabled.
[   32.927837] ACPI: PCI Interrupt Link [LNKB] (IRQs 5 9 10 *11)
[   32.963186] ACPI: PCI Interrupt Link [LNKC] (IRQs 5 9 *10 11)
[   33.031910] ACPI: PCI Interrupt Link [LNKD] (IRQs 5 *9 10 11)
[   33.112698] ACPI: Enabled 2 GPEs in block 00 to 07
[   33.205575] vgaarb: setting as boot device: PCI:0000:00:02.0
[   33.309992] vgaarb: device added: PCI:0000:00:02.0,decodes=io+mem,owns=io+mem,locks=none
[   33.464356] vgaarb: loaded
[   33.518089] vgaarb: bridge control possible 0000:00:02.0
[   33.606376] SCSI subsystem initialized
[   33.665690] ACPI: bus type USB registered
[   33.681659] usbcore: registered new interface driver usbfs
[   33.738069] usbcore: registered new interface driver hub
[   33.830982] usbcore: registered new device driver usb
[   33.917230] PCI: Using ACPI for IRQ routing
[   33.988400] NetLabel: Initializing
[   34.009531] NetLabel:  domain hash size = 128
[   34.041265] NetLabel:  protocols = UNLABELED CIPSOv4
[   34.128082] NetLabel:  unlabeled traffic allowed by default
[   34.240056] amd_nb: Cannot enumerate AMD northbridges
[   34.338844] clocksource: Switched to clocksource kvm-clock
[   34.446 AArr:ppmoFilesystm abd  4.802] pn: P PIni
[ 353174 p: P PIfond dic
[   35.801351] clocksource: acpi_pm: mask: 0xffffff max_cycles: 0xffffff, max_idle_ns: 2085701024 ns
[   36.170114] NET: Registered protocol family 2
[   36.179317] TCP established hash table entries: 8192 (order: 4, 65536 bytes)
[   36.197434] TCP bind hash table entries: 8192 (order: 5, 131072 bytes)
[   36.335116] TCP: Hash tables configured (established 8192 bind 8192)
[   36.502807] UDP hash table entries: 512 (order: 2, 16384 bytes)
[   36.646950] UDP-Lite hash table entries: 512 (order: 2, 16384 bytes)
[   36.787684] NET: Registered protocol family 1
[   36.900975] pci 0000:00:00.0: Limiting direct PCI/PCI transfers
[   37.007182] pci 0000:00:01.0: Activating ISA DMA hang workarounds
[   37.177275] Unpacking initramfs...
[   38.993154] Freeing initrd memory: 10816K
[   39.056981] platform rtc_cmos: registered platform RTC device (no PNP device found)
[   39.205354] Scanning for low memory corruption every 60 seconds
[   39.353515] audit: initializing netlink subsys (disabled)
[   39.434421] audit: type=2000 audit(1508039208.247:1): initialized
[   39.489404] Initialise system trusted keyring
[   39.510983] HugeTLB registered 2 MB page size, pre-allocated 0 pages
[   39.513333] zbud: loaded
[   39.514181] VFS: Disk quotas dquot_6.6.0
[   39.515021] VFS: Dquot-cache hash table entries: 512 (order 0, 4096 bytes)
[   39.603250] squashfs: version 4.0 (2009/01/31) Phillip Lougher
[   39.704430] fuse init (API version 7.23)
[   39.785473] Key type big_key registered
[   39.846260] Allocating IMA MOK and blacklist keyrings.
[   39.919130] Key type asymmetric registered
[   40.003238] Asymmetric key parser 'x509' registered
[   40.119829] tsc: Refined TSC clocksource calibration: 2196.010 MHz
[   40.127610] Block layer SCSI generic (bsg) driver version 0.4 loaded (major 249)
[   40.127656] io scheduler noop registered
[   40.127659] io scheduler deadline registered (default)
[   40.127687] io scheduler cfq registered
[   40.127820] pci_hotplug: PCI Hot Plug PCI Core version: 0.5
[   40.127824] pciehp: PCI Express Hot Plug Controller Driver version: 0.4
[   40.128176] ACPI: AC Adapter [AC] (on-line)
[   40.128225] input: Power Button as /devices/LNXSYSTM:00/LNXPWRBN:00/input/input0
[   40.128227] ACPI: Power Button [PWRF]
[   40.128311] input: Sleep Button as /devices/LNXSYSTM:00/LNXSLPBN:00/input/input1
[   40.128312] ACPI: Sleep Button [SLPF]
[   40.128436] GHES: HEST is not enabled!
[   40.129399] ACPI: Battery Slot [BAT0] (battery present)
[   40.372833] Serial: 8250/16550 driver, 32 ports, IRQ sharing enabled
[   40.542048] 00:02: ttyS0 at I/O 0x3f8 (irq = 4, base_baud = 115200) is a 16550A
[   40.558382] Linux agpgart interface v0.103
[   40.593247] loop: module loaded
[   40.593997] scsi host0: ata_piix
[   40.594078] scsi host1: ata_piix
[   40.594105] ata1: PATA max UDMA/33 cmd 0x1f0 ctl 0x3f6 bmdma 0xd000 irq 14
[   40.594106] ata2: PATA max UDMA/33 cmd 0x170 ctl 0x376 bmdma 0xd008 irq 15
[   40.594226] libphy: Fixed MDIO Bus: probed
[   40.594229] tun: Universal TUN/TAP device driver, 1.6
[   40.594229] tun: (C) 1999-2004 Max Krasnyansky <maxk@qualcomm.com>
[   40.594511] PPP generic driver version 2.4.2
[   40.594561] ehci_hcd: USB 2.0 'Enhanced' Host Controller (EHCI) Driver
[   40.594565] ehci-pci: EHCI PCI platform driver
[   40.594579] ehci-platform: EHCI generic platform driver
[   40.594587] ohci_hcd: USB 1.1 'Open' Host Controller (OHCI) Driver
[   40.594590] ohci-pci: OHCI PCI platform driver
[   40.594597] ohci-platform: OHCI generic platform driver
[   40.594603] uhci_hcd: USB Universal Host Controller Interface driver
[   40.594656] i8042: PNP: PS/2 Controller [PNP0303:PS2K,PNP0f03:PS2M] at 0x60,0x64 irq 1,12
[   40.595238] serio: i8042 KBD port at 0x60,0x64 irq 1
[   40.595243] serio: i8042 AUX port at 0x60,0x64 irq 12
[   40.595336] mousedev: PS/2 mouse device common for all mice
[   40.595666] input: AT Translated Set 2 keyboard as /devices/platform/i8042/serio0/input/input2
[   40.596112] rtc_cmos rtc_cmos: rtc core: registered rtc_cmos as rtc0
[   40.596178] rtc_cmos rtc_cmos: alarms up to one day, 114 bytes nvram
[   40.596185] i2c /dev entries driver
[   40.596250] device-mapper: uevent: version 1.0.3
[   40.596342] device-mapper: ioctl: 4.34.0-ioctl (2015-10-28) initialised: dm-devel@redhat.com
[   40.596356] ledtrig-cpu: registered to indicate activity on CPUs
[   40.596894] NET: Registered protocol family 10
[   40.597077] NET: Registered protocol family 17
[   40.597086] Key type dns_resolver registered
[   40.597204] microcode: CPU0 sig=0x40661, pf=0x40, revision=0x0
[   40.608822] microcode: CPU1 sig=0x40661, pf=0x40, revision=0x0
[   40.608914] microcode: Microcode Update Driver: v2.01 <tigran@aivazian.fsnet.co.uk>, Peter Oruba
[   40.609066] registered taskstats version 1
[   40.609085] Loading compiled-in X.509 certificates
[   40.610055] Loaded X.509 cert 'Build time autogenerated kernel key: b1a6ea8776bed2812c00d8a799f968274ef48628'
[   40.610081] zswap: loaded using pool lzo/zbud
[   40.612440] Key type trusted registered
[   40.615202] Key type encrypted registered
[   40.615207] AppArmor: AppArmor sha1 policy hashing enabled
[   40.615210] ima: No TPM chip found, activating TPM-bypass!
[   40.615228] evm: HMAC attrs: 0x1
[   40.615568]   Magic number: 5:702:765
[   40.637086] rtc_cmos rtc_cmos: setting system clock to 2017-10-15 03:47:18 UTC (1508039238)
[   40.637275] BIOS EDD facility v0.16 2004-Jun-25, 0 devices found
[   40.637276] EDD information not available.
[   44.016109] clocksource: tsc: mask: 0xffffffffffffffff max_cycles: 0x1fa779d111d, max_idle_ns: 440795310756 ns
[   44.101269] Freeing unused kernel memory: 1492K
[   44.173926] Write protecting the kernel read-only data: 14336k
[   44.282452] Freeing unused kernel memory: 1748K
[   44.365941] Freeing unused kernel memory: 112K
Loading, please [   44.476353] random: systemd-udevd: uninitialized urandom read (16 bytes read, 4 bits of entropy available)
wait...
startin[   44.476909] random: udevadm: uninitialized urandom read (16 bytes read, 4 bits of entropy available)
g version 229
[   44.476939] random: udevadm: uninitialized urandom read (16 bytes read, 4 bits of entropy available)
[   44.477041] random: udevadm: uninitialized urandom read (16 bytes read, 4 bits of entropy available)
[   44.477075] random: udevadm: uninitialized urandom read (16 bytes read, 4 bits of entropy available)
[   44.477108] random: udevadm: uninitialized urandom read (16 bytes read, 4 bits of entropy available)
[   44.477140] random: udevadm: uninitialized urandom read (16 bytes read, 4 bits of entropy available)
[   44.477170] random: udevadm: uninitialized urandom read (16 bytes read, 4 bits of entropy available)
[   44.477204] random: udevadm: uninitialized urandom read (16 bytes read, 4 bits of entropy available)
[   44.477237] random: udevadm: uninitialized urandom read (16 bytes read, 4 bits of entropy available)
[   46.097118] e1000: Intel(R) PRO/1000 Network Driver - version 7.3.21-k8-NAPI
[   46.120528] e1000: Copyright (c) 1999-2006 Intel Corporation.
[   46.227392] Fusion MPT base driver 3.04.20
[   46.323274] Copyright (c) 1999-2008 LSI Corporation
[   46.357200] AVX version of gcm_enc/dec engaged.
[   46.440836] AES CTR mode by8 optimization enabled
[   46.477273] Fusion MPT SPI Host driver 3.04.20
[   46.540236] input: ImExPS/2 Generic Explorer Mouse as /devices/platform/i8042/serio1/input/input4
[   46.803964] e1000 0000:00:03.0 eth0: (PCI:33MHz:32-bit) 02:79:78:05:52:90
[   47.509584] e1000 0000:00:03.0 eth0: Intel(R) PRO/1000 Network Connection
[   47.633333] mptbase: ioc0: Initiating bringup
[   47.806839] ioc0: LSI53C1030 A0: Capabilities={Initiator}
[   49.412229] floppy0: no floppy controllers found
[   49.525808] scsi host2: ioc0: LSI53C1030 A0, FwRev=00000000h, Ports=1, MaxQ=256, IRQ=20
[   49.888231] scsi 2:0:0:0: Direct-Access     VBOX     HARDDISK         1.0  PQ: 0 ANSI: 5
[   50.572244] scsi target2:0:0: Beginning Domain Validation
[   50.726644] scsi target2:0:0: Domain Validation skipping write tests
[   50.873366] scsi target2:0:0: Ending Domain Validation
[   50.915267] e1000 0000:00:08.0 eth1: (PCI:33MHz:32-bit) 08:00:27:bb:cf:da
[   50.915273] e1000 0000:00:08.0 eth1: Intel(R) PRO/1000 Network Connection
[   51.213792] scsi target2:0:0: asynchronous
[   51.214184] e1000 0000:00:08.0 enp0s8: renamed from eth1
[   51.394386] scsi 2:0:1:0: Direct-Access     VBOX     HARDDISK         1.0  PQ: 0 ANSI: 5
[   51.531816] scsi target2:0:1: Beginning Domain Validation
[   51.539477] e1000 0000:00:03.0 enp0s3: renamed from eth0
[   51.698559] scsi target2:0:1: Domain Validation skipping write tests
[   51.896480] scsi target2:0:1: Ending Domain Validation
[   52.064060] scsi target2:0:1: asynchronous
[   52.312130] sd 2:0:0:0: Attached scsi generic sg0 type 0
[   52.504286] sd 2:0:0:0: [sda] 20971520 512-byte logical blocks: (10.7 GB/10.0 GiB)
[   52.507905] sd 2:0:1:0: [sdb] 20480 512-byte logical blocks: (10.5 MB/10.0 MiB)
[   52.508084] sd 2:0:1:0: Attached scsi generic sg1 type 0
[   52.508145] sd 2:0:1:0: [sdb] Write Protect is off
[   52.508322] sd 2:0:1:0: [sdb] Incomplete mode parameter data
[   52.508323] sd 2:0:1:0: [sdb] Assuming drive cache: write through
[   52.510008] sd 2:0:1:0: [sdb] Attached SCSI disk
[   53.215713] sd 2:0:0:0: [sda] Write Protect is off
[   53.320168] sd 2:0:0:0: [sda] Incomplete mode parameter data
[   53.595836] sd 2:0:0:0: [sda] Assuming drive cache: write through
[   53.694526]  sda: sda1
[   53.708182] sd 2:0:0:0: [sda] Attached SCSI disk
Begin: Loading e[   55.095766] md: linear personality registered for level -1
ssential drivers[   55.370787] md: multipath personality registered for level -4
 ... [   55.478017] md: raid0 personality registered for level 0
[   55.590583] md: raid1 personality registered for level 1
[   55.791313] raid6: sse2x1   gen()  9080 MB/s
[   55.919351] raid6: sse2x1   xor()  6181 MB/s
[   56.063227] raid6: sse2x2   gen() 12306 MB/s
[   56.227069] raid6: sse2x2   xor()  8289 MB/s
[   56.379099] raid6: sse2x4   gen() 12654 MB/s
[   56.519141] raid6: sse2x4   xor()  9091 MB/s
[   56.611550] raid6: using algorithm sse2x4 gen() 12654 MB/s
[   56.702324] raid6: .... xor() 9091 MB/s, rmw enabled
[   56.776934] raid6: using ssse3x2 recovery algorithm
[   56.875029] xor: automatically using best checksumming function:
[   56.999008]    avx       : 19186.000 MB/sec
[   57.008522] async_tx: api initialized (async)
[   57.075585] md: raid6 personality registered for level 6
[   57.175745] md: raid5 personality registered for level 5
[   57.277141] md: raid4 personality registered for level 4
[   57.369202] md: raid10 personality registered for level 10
done.
Begin: Running /scripts/init-premount ... done.
Begin: M[   57.437579] Btrfs loaded
ounting root file system ... Begin: Running /scripts/local-top .[   57.504685] EXT4-fs (sda1): INFO: recovery required on readonly filesystem
.. done.
Begin:[   57.628055] EXT4-fs (sda1): write access will be enabled during recovery
 Running /scripts/local-premount ... Scanning for Btrfs filesystems
done.
Warning: fsck not present, so skipping root file system
[   57.846523] EXT4-fs (sda1): orphan cleanup on readonly fs
[   57.896830] EXT4-fs (sda1): 5 orphan inodes deleted
[   57.949666] EXT4-fs (sda1): recovery complete
[   58.020049] EXT4-fs (sda1): mounted filesystem with ordered data mode. Opts: (null)
done.
Begin: Running /scripts/local-bottom ... done.
Begin: Running /scripts/init-bottom ... done.
[   58.195203] systemd[1]: systemd 229 running in system mode. (+PAM +AUDIT +SELINUX +IMA +APPARMOR +SMACK +SYSVINIT +UTMP +LIBCRYPTSETUP +GCRYPT +GNUTLS +ACL +XZ -LZ4 +SECCOMP +BLKID +ELFUTILS +KMOD -IDN)
[   58.425812] systemd[1]: Detected virtualization oracle.
[   58.495771] systemd[1]: Detected architecture x86-64.

Welcome to [1mUbuntu 16.04.3 LTS[0m!

[ 58627634] syste[1]: St stmeo <app>.
[   59.155951] systemd[1]: Reached target Swap.
[[0;32m  OK  [0m] Reached target Swap.
[   59.219239] systemd[1]: Listening on udev Control Socket.
[[0;32m  OK  [0m] Listening on udev Control Socket.
[ 59263] systemd[]:isnin oJonal ocet devog
[[0;32m  OK  [0m] Listening on Journal Socket (/dev/log).
[   60000125 ste[1 Lteng onLV2 taatdaemonoct.

[[0;32m  OK  [0m] Listening on LVM2 metadata daemon socket.
[  664269] syted[1]StteTrger resolvconf uda f nwod S.
[[0;32m  OK  [0m] Started Trigger resolvconf update for networkd DNS.
[ 61.41632] std[: acd  targt ncryteVomes.
[[0;32m  OK  [0m] Reached target Encrypted Volumes.
[   2.110]ysem1]RehetaetUser and Groupame oks.
[[0;32m  OK  [0m] Reached target User and Group Name Lookups.
[   6.77818 system1]Crte sliceUs a Ssi Sce
[[0;32m  OK  [0m] Created slice User and Session Slice.
[ 6360113] syte[1 Lstinon Joual Socet

[[0;32m  OK  [0m] Listening on Journal Socket.
[ 631424] std[: stinonysg cket.
[[0;32m  OK  [0m] Listening on Syslog Socket.
[ 64272] ystemd1]: Listein on everl cket.
[[0;32m  OK  [0m] Listening on udev Kernel Socket.
[ 65511]ysmd]:reedliceysm ic
[   65.658853] random: nonblocking pool is initialized
[[0;32m  OK  [0m] Created slice System Slice.
[   65.751212] systemd[1]: Starting Uncomplicated firewall...
         Starting Uncomplicated firewall...
[   65.859617] systemd[1]: Starting Create list of required static device nodes for the current kernel...
         Starting Create list of required st... nodes for the current kernel...
[   66.131241] systemd[1]: Starting Remount Root and Kernel File Systems...
         Starting Remount[   66.289165] EXT4-fs (sda1): re-mounted. Opts: (null)
 Root and Kernel File Systems...
[   66.455397] systemd[1]: Starting Set console keymap...
         Starting Set console keymap...
[   66.635236] systemd[1]: Starting Load Kernel Modules...
         Starting Load Ke[   66.757336] Loading iSCSI transport class v2.0-870.
rnel Modules...
[   66.847590] systemd[1]: Mounting Huge Pages File System...
[   66.871562] iscsi: registered transport (tcp)
         Mounting Huge Pages File System.[   66.903721] iscsi: registered transport (iser)
..
[   67.071315] systemd[1]: Reached target Slices.
[[0;32m  OK  [0m] Reached target Slices.
[ 67260]ysemd[1]: St  aomntrbrary Ecutale Fi Frms ilSyemutou Pnt

[[0;32m  OK  [0m] Set up automount Arbitrary Executab...ats File System Automount Point.
[ 6839016] std[: stinon/devinctCoatily amd pe

[[0;32m  OK  [0m] Listening on /dev/initctl Compatibility Named Pipe.
[ 69672]ystemd[1]: Strt Fwa Pswd queststoalDirectory Watch.
[[0;32m  OK  [0m] Started Forward Password Requests to Wall Directory Watch.
[   70.051762] systemd[1]: Starting Nameserver information manager...
         Starting Nameserver information manager...
[ 70834]ysmd]: Lisni oLV pol dmosockt.
[[0;32m  OK  [0m] Listening on LVM2 poll daemon socket.
[  70.1687] sysem1]Crteslice ssteseal2dtt.slice.
[[0;32m  OK  [0m] Created slice system-serial\x2dgetty.slice.
[   71.952544] systemd[1]: Mounting POSIX Message Queue File System...
         Mounting POSIX Message Queue File System...
[   72.135427] systemd[1]: Mounting Debug File System...
         Mounting Debug File System...
[ 72795]ysted[: stengn url uditoct.
[[0;32m  OK  [0m] Listening on Journal Audit Socket.
[   73.003381] systemd[1]: Starting Journal Service...
         Starting Journal Service...
[ 73513]syem[1 Listening on Devie-pp evet daeonIF.
[[0;32m  OK  [0m] Listening on Device-mapper event daemon FIFOs.
[   73.855511] systemd[1]: Starting Monitoring of LVM2 mirrors, snapshots etc. using dmeventd or progress polling...
         Starting Monitoring of LVM2 mirrors... dmeventd or progress polling...
[ 74370]ysmd]: Muned POS Mesag Queile Ste.
[[0;32m  OK  [0m] Mounted POSIX Message Queue File System.
[ 74150]ystemd[1]: Mounedebg leSyem.
[[0;32m  OK  [0m] Mounted Debug File System.
[ 75276] sysmd]:oute Hgeag File Sst.
[[0;32m  OK  [0m] Mounted Huge Pages File System.
[  75.971672] sstd[: ard url rvce.
[[0;32m  OK  [0m] Started Journal Service.
[[0;32m  OK  [0m] Started Uncomplicated firewall.
[[0;32m  OK  [0m] Started Create list of required sta...ce nodes for the current kernel.
[[0;32m  OK  [0m] Started Remount Root and Kernel File Systems.
[[0;32m  OK  [0m] Started Set console keymap.
[[0;32m  OK  [0m] Started Load Kernel Modules.
[[0;32m  OK  [0m] Started Nameserver information manager.
[[0;32m  OK  [0m] Started LVM2 metadata daemon.
         Mounting FUSE Control File System...
         Starting Apply Kernel Variables...
         Starting udev Coldplug all Devices...
         Starting Load/Save Random Seed...
         Starting Initial cloud-init job (pre-networking)...
         Starting Create Static Device Nodes in /dev...
         Starting Flush Journal to Persistent Storage...
[[0;32m  OK  [0m] Mounted FUSE Control File System.
[[0;32m  OK  [0m] Started Monitoring of LVM2 mirrors,...ng dmeventd or progress polling.
[[0;32m  OK  [0m] Started Apply Kernel Variables.
[[0;32m  OK  [0m] Started Load/Save Random Seed.
[[0;32m  OK  [0m] Started Create Static Device Nodes in /dev.
[[0;32m  OK  [0m] Started udev Coldplug all Devices.
[[0;32m  OK  [0m] Started Flush Journal to Persistent Storage.
         Starting udev Kernel Device Manager...
[[0;32m  OK  [0m] Started udev Kernel Device Manager.
[[0;32m  OK  [0m] Started Dispatch Password Requests to Console Directory Watch.
[[0;32m  OK  [0m] Reached target Local File Systems (Pre).
[[0;32m  OK  [0m] Reached target Local File Systems.
         Starting Set console font and keymap...
         Starting LSB: AppArmor initialization...
         Starting Tell Plymouth To Write Out Runtime Data...
[   44.306025]          cloud-initStarting Create Volatile Files and Directories...[458]: 
Cloud-init v. 0.7.9 running 'init-local' at Sun, 15 Oct 2017 03:47:55 +0000. Up 44.00 seconds.
[[0;32m  OK  [0m] Started Tell Plymouth To Write Out Runtime Data.
[[0;32m  OK  [0m] Started Create Volatile Files and Directories.
[[0;32m  OK  [0m] Started Initial cloud-init job (pre-networking).
[[0;32m  OK  [0m] Found device /dev/ttyS0.
[[0;32m  OK  [0m] Started Set console font and keymap.
[[0;32m  OK  [0m] Started LSB: AppArmor initialization.
[[0;32m  OK  [0m] Listening on Load/Save RF Kill Switch Status /dev/rfkill Watch.
[[0;32m  OK  [0m] Created slice system-getty.slice.
[[0;32m  OK  [0m] Reached target Network (Pre).
[[0;32m  OK  [0m] Started ifup for enp0s3.
         Starting Raise network interfaces...
[[0;32m  OK  [0m] Started ifup for enp0s8.
[[0;32m  OK  [0m] Reached target System Time Synchronized.
         Starting Update UTMP about System Boot/Shutdown...
[[0;32m  OK  [0m] Started Update UTMP about System Boot/Shutdown.
[[0;32m  OK  [0m] Started Raise network interfaces.
         Starting Initial cloud-init job (metadata service crawler)...
[[0;32m  OK  [0m] Reached target Network.
[   47.894146] cloud-init[1051]: Cloud-init v. 0.7.9 running 'init' at Sun, 15 Oct 2017 03:47:59 +0000. Up 47.55 seconds.
[   47.976768] cloud-init[1051]: ci-info: ++++++++++++++++++++++++++++++++++++++Net device info++++++++++++++++++++++++++++++++++++++
[   47.976970] cloud-init[1051]: ci-info: +--------+------+-----------------------------+---------------+-------+-------------------+
[[0;32m  OK  [0m] Started Initial cloud-init job (metadata service crawler).
[   47.977176] cloud-init[1051]: ci-info: | Device |  Up  |           Address           |      Mask     | Scope |     Hw-Address    |
[   48.170548] cloud-init[1051]: ci-info: +--------+------+-----------------------------+---------------+-------+-------------------+
[   48.171338] cloud-init[1051]: ci-info: | enp0s8 | True |        192.168.33.30        | 255.255.255.0 |   .   | 08:00:27:bb:cf:da |
[[0;32m  OK  [0m] Reached target Network is Online.
[   48.171608] cloud-init[1051]: ci-info: | enp0s8 | True | fe80::a00:27ff:febb:cfda/64 |       .       |  link | 08:00:27:bb:cf:da |
         Starting iSCSI initiator daemon (iscsid)...
[   48.448666] cloud-init[1051]: ci-info: |   lo   | True |          127.0.0.1          |   255.0.0.0   |   .   |         .         |
[   48.506097] cloud-init[1051]: ci-info: |   lo   | True |           ::1/128           |       .       |  host |         .         |
[   48.506369] [cloud-init[0;32m  OK  [0m[1051]: ] ci-info: | enp0s3 | True |          10.0.2.15          | 255.255.255.0 |   .   | 02:79:78:05:52:90 |Reached target System Initialization.

[   48.506946] cloud-init[1051]: ci-info: | enp0s3 | True |  fe80::79:78ff:fe05:5290/64 |       .       |  link | 02:79:78:05:52:90 |
[   48.724329] cloud-init[1051]: ci-info: +--------+------+-----------------------------+---------------+-------+-------------------+
[   48.724744] cloud-init[1051]: ci-info: ++++++++++++++++++++++++++++Route IPv4 info++++++++++++++++++++++++++++
[[0;32m  OK  [0m] Started Timer to automatically fetch and run repair assertions.
[[   48.724838] cloud-init[1051]: ci-info: +-------+--------------+----------+---------------+-----------+-------+
[   48.881134] cloud-init[1051]: ci-info: | Route | Destination  | Gateway  |    Genmask    | Interface | Flags |
[0;32m  OK  [0m] Listening on UUID daemon activation socket.
[[   48.881206] cloud-init[1051]: ci-info: +-------+--------------+----------+---------------+-----------+-------+
[0;32m  OK  [0m] [   49.096974] Started Daily apt download activities.cloud-init
[1051]: ci-info: |   0   |   0.0.0.0    | 10.0.2.2 |    0.0.0.0    |   enp0s3  |   UG  |
[   49.205096] cloud-init[1051]: ci-info: |   1   |   10.0.2.0   | 0.0.0.0  | 255.255.255.0 |   enp0s3  |   U   |
[   49.205522] cloud-init[1051]: ci-info: |   2   | 192.168.33.0 | 0.0.0.0  | 255.255.255.0 |   enp0s8  |   U   |
[[0;32m  OK  [0m] Listening on ACPID Listen Socket.
[   49.205760] cloud-init[1051]: ci-info: +-------+--------------+----------+---------------+-----------+-------+
[[0;32m  OK  [0m] Started ACPI Events Check.
[[0;32m  OK  [0m] Reached target Pat
         Starting Socket activation for snappy daemon.
         Starting LXD - unix socket.
[[0;32m  OK  [0m] Started Timer to automatically refresh installed snaps.
[[0;32m  OK  [0m] Started Daily apt upgrade and clean activities.
[[0;32m  OK  [0m] Started Daily Cleanup of Temporary Directories.
[[0;32m  OK  [0m] Reached target Timers.
[[0;32m  OK  [0m] Listening on D-Bus System Message Bus Socket.
[[0;32m  OK  [0m] Reached target Cloud-config availability.
[[0;32m  OK  [0m] Listening on Socket activation for snappy daemon.
[[0;32m  OK  [0m] Listening on LXD - unix socket.
[[0;32m  OK  [0m] Started iSCSI initiator daemon (iscsid).
         Starting Login to default iSCSI targets...
[[0;32m  OK  [0m] Reached target Sockets.
[[0;32m  OK  [0m] Reached target Basic System.
         Starting Login Service...
[[0;32m  OK  [0m] Started D-Bus System Message Bus.
[[0;32m  OK  [0m] Started ACPI event daemon.
         Starting Accounts Service...
[[0;32m  OK  [0m] Started Regular background program processing daemon.
         Starting MySQL Community Server...
         Starting OpenBSD Secure Shell server...
         Starting Apply the settings specified in cloud-config...
         Starting LXD - container startup/shutdown...
[[0;32m  OK  [0m] Started FUSE filesystem for LXC.
         Starting LSB: MD monitoring daemon...
         Starting System Logging Service...
[[0;32m  OK  [0m] Started Deferred execution scheduler.
         Starting /etc/rc.local Compatibility...
         Starting LSB: Record successful boot for GRUB...
[[0;32m  OK  [0m] Started Unattended Upgrades Shutdown.
[   51.435481] cloud-init[1135]: Cloud-init v. 0.7.9 running 'modules:config' at Sun, 15 Oct 2017 03:48:02 +0000. Up 51.31 seconds.
         Starting Snappy daemon...
[[0;32m  OK  [0m] Started OpenBSD Secure Shell server.
[[0;32m  OK  [0m] Started System Logging Service.
[[0;32m  OK  [0m] Started Apply the settings specified in cloud-config.
[[0;32m  OK  [0m] Started LXD - container startup/shutdown.
[[0;32m  OK  [0m] Started /etc/rc.local Compatibility.
[[0;32m  OK  [0m] Started Snappy daemon.
[[0;32m  OK  [0m] Started Login to default iSCSI targets.
[[0;32m  OK  [0m] Started LSB: MD monitoring daemon.
[[0;32m  OK  [0m] Started LSB: Record successful boot for GRUB.
[[0;32m  OK  [0m] Started Login Service.
         Starting Authenticate and Authorize Users to Run Privileged Tasks...
[[0;32m  OK  [0m] Reached target Remote File Systems (Pre).
[[0;32m  OK  [0m] Reached target Remote File Systems.
         Starting LSB: VirtualBox Linux Additions...
         Starting LSB: daemon to balance interrupts for SMP systems...
         Starting Permit User Sessions...
         Starting LSB: Set the CPU Frequency Scaling governor to "ondemand"...
         Starting LSB: automatic crash report generation...
         Starting Auto import assertions from block devices...
[[0;32m  OK  [0m] Started Permit User Sessions.
[[0;32m  OK  [0m] Started Auto import assertions from block devices.
[[0;32m  OK  [0m] Started Authenticate and Authorize Users to Run Privileged Tasks.
[[0;32m  OK  [0m] Started MySQL Community Server.
[[0;32m  OK  [0m] Started Accounts Service.
[[0;32m  OK  [0m] Started LSB: daemon to balance interrupts for SMP systems.
[[0;32m  OK  [0m] Started LSB: VirtualBox Linux Additions.
[[0;32m  OK  [0m] Started LSB: Set the CPU Frequency Scaling governor to "ondemand".
[[0;32m  OK  [0m] Created slice User Slice of ubuntu.
[[0;32m  OK  [0m] Started Session 1 of user ubuntu.
         Starting User Manager for UID 1000...
         Starting Terminate Plymouth Boot Screen...
         Starting Hold until boot process finishes up...
[[0;32m  OK  [0m] Started User Manager for UID 1000.
[[0;32m  OK  [0m] Started LSB: automatic crash report generation.
[[0;32m  OK  [0m] Started Terminate Plymouth Boot Screen.
[[0;32m  OK  [0m] Started Hold until boot process finishes up.
[[0;32m  OK  [0m] Started Serial Getty on ttyS0.
         Starting Set console scheme...
[[0;32m  OK  [0m] Started Getty on tty1.
[[0;32m  OK  [0m] Reached target Login Prompts.
[[0;32m  OK  [0m] Reached target Multi-User System.
         Starting Execute cloud user/final scripts...
[[0;32m  OK  [0m] Reached target Graphical Interface.
         Starting Update UTMP about System Runlevel Changes...
[[0;32m  OK  [0m] Started Set console scheme.
[[0;32m  OK  [0m] Started Update UTMP about System Runlevel Changes.
[   53.908376] cloud-init[1341]: Cloud-init v. 0.7.9 running 'modules:final' at Sun, 15 Oct 2017 03:48:05 +0000. Up 53.77 seconds.
[   53.980628] cloud-init[1341]: Cloud-init v. 0.7.9 finished at Sun, 15 Oct 2017 03:48:05 +0000. Datasource DataSourceNoCloud [seed=/dev/sdb][dsmode=net].  Up 53.90 seconds
[[0;32m  OK  [0m] Started Execute cloud user/final scripts.
[[0;32m  OK  [0m] Reached target Cloud-init target.

Ubuntu 16.04.3 LTS app ttyS0

app login: 